// Vitest Snapshot v1

exports[`should be rendered correctly 1`] = `
<div
  class="MuiContainer-root MuiContainer-maxWidthSm css-cuefkz-MuiContainer-root"
>
  <main>
    <h1
      class="css-1pqndvo-PresentialLoginLayout"
    >
      title
    </h1>
    <a
      class="css-1ln0tcx-PresentialStyledLink-PresentialStyledLink-PresentialDefaultLink-PresentialDefaultLink"
      href="/"
    >
      <svg
        aria-hidden="true"
        class="MuiSvgIcon-root MuiSvgIcon-fontSizeMedium css-17e890r-MuiSvgIcon-root"
        data-testid="ArrowBackIosIcon"
        focusable="false"
        viewBox="0 0 24 24"
      >
        <path
          d="M11.67 3.87 9.9 2.1 0 12l9.9 9.9 1.77-1.77L3.54 12z"
        />
      </svg>
      <span>
        backToHome
      </span>
    </a>
  </main>
</div>
`;
