// Vitest Snapshot v1

exports[`should be rendered correctly 1`] = `
<form
  aria-label="form.label"
  role="form"
>
  <div
    class="css-1p5q5e5-MuiStack-root"
  >
    <div
      class="MuiFormControl-root MuiTextField-root css-1u3bzj6-MuiFormControl-root-MuiTextField-root"
    >
      <label
        class="MuiFormLabel-root MuiInputLabel-root MuiInputLabel-formControl MuiInputLabel-animated MuiInputLabel-standard MuiFormLabel-colorPrimary css-aqpgxn-MuiFormLabel-root-MuiInputLabel-root"
        data-shrink="false"
        for=":r0:"
        id=":r0:-label"
      >
        form.label.email
      </label>
      <div
        class="MuiInputBase-root MuiInput-root MuiInput-underline MuiInputBase-colorPrimary MuiInputBase-formControl css-1ptx2yq-MuiInputBase-root-MuiInput-root"
      >
        <input
          aria-describedby=":r0:-helper-text"
          aria-invalid="false"
          class="MuiInputBase-input MuiInput-input css-1x51dt5-MuiInputBase-input-MuiInput-input"
          defaultvalue=""
          id=":r0:"
          name="email"
          type="text"
        />
      </div>
      <p
        class="MuiFormHelperText-root MuiFormHelperText-sizeMedium css-1d1r5q-MuiFormHelperText-root"
        id=":r0:-helper-text"
      >
        <span
          class="notranslate"
        >
          ​
        </span>
      </p>
    </div>
    <div
      class="MuiFormControl-root MuiTextField-root css-1u3bzj6-MuiFormControl-root-MuiTextField-root"
    >
      <label
        class="MuiFormLabel-root MuiInputLabel-root MuiInputLabel-formControl MuiInputLabel-animated MuiInputLabel-standard MuiFormLabel-colorPrimary css-aqpgxn-MuiFormLabel-root-MuiInputLabel-root"
        data-shrink="false"
        for=":r1:"
        id=":r1:-label"
      >
        form.label.password
      </label>
      <div
        class="MuiInputBase-root MuiInput-root MuiInput-underline MuiInputBase-colorPrimary MuiInputBase-formControl css-1ptx2yq-MuiInputBase-root-MuiInput-root"
      >
        <input
          aria-describedby=":r1:-helper-text"
          aria-invalid="false"
          class="MuiInputBase-input MuiInput-input css-1x51dt5-MuiInputBase-input-MuiInput-input"
          defaultvalue=""
          id=":r1:"
          name="password"
          type="text"
        />
      </div>
      <p
        class="MuiFormHelperText-root MuiFormHelperText-sizeMedium css-1d1r5q-MuiFormHelperText-root"
        id=":r1:-helper-text"
      >
        <span
          class="notranslate"
        >
          ​
        </span>
      </p>
    </div>
    <label
      class="MuiFormControlLabel-root MuiFormControlLabel-labelPlacementEnd css-j204z7-MuiFormControlLabel-root"
    >
      <span
        class="MuiButtonBase-root MuiCheckbox-root MuiCheckbox-colorPrimary PrivateSwitchBase-root MuiCheckbox-root MuiCheckbox-colorPrimary css-12wnr2w-MuiButtonBase-root-MuiCheckbox-root"
      >
        <input
          class="PrivateSwitchBase-input css-1m9pwf3"
          data-indeterminate="false"
          defaultvalue="false"
          name="agreement"
          type="checkbox"
          value="false"
        />
        <svg
          aria-hidden="true"
          class="MuiSvgIcon-root MuiSvgIcon-fontSizeMedium css-i4bv87-MuiSvgIcon-root"
          data-testid="CheckBoxOutlineBlankIcon"
          focusable="false"
          viewBox="0 0 24 24"
        >
          <path
            d="M19 5v14H5V5h14m0-2H5c-1.1 0-2 .9-2 2v14c0 1.1.9 2 2 2h14c1.1 0 2-.9 2-2V5c0-1.1-.9-2-2-2z"
          />
        </svg>
        <span
          class="MuiTouchRipple-root css-8je8zh-MuiTouchRipple-root"
        />
      </span>
      <span
        class="MuiTypography-root MuiTypography-body1 MuiFormControlLabel-label css-ahj2mt-MuiTypography-root"
      >
        <a
          class="css-hn4o6p-PresentialStyledLink-PresentialStyledLink-PresentialDefaultLink-PresentialDefaultLink"
          href="/terms"
        />
        <a
          class="css-hn4o6p-PresentialStyledLink-PresentialStyledLink-PresentialDefaultLink-PresentialDefaultLink"
          href="/privacy"
        />
      </span>
    </label>
    <p
      class="MuiFormHelperText-root css-1d1r5q-MuiFormHelperText-root"
    >
      <a
        class="css-hn4o6p-PresentialStyledLink-PresentialStyledLink-PresentialDefaultLink-PresentialDefaultLink"
        href="/terms"
      />
      <a
        class="css-hn4o6p-PresentialStyledLink-PresentialStyledLink-PresentialDefaultLink-PresentialDefaultLink"
        href="/privacy"
      />
    </p>
    <p
      class="MuiFormHelperText-root Mui-error css-1d1r5q-MuiFormHelperText-root"
    >
      <span
        class="notranslate"
      >
        ​
      </span>
    </p>
    <button
      aria-disabled="true"
      class="MuiButtonBase-root Mui-disabled MuiButton-root MuiButton-contained MuiButton-containedPrimary MuiButton-sizeMedium MuiButton-containedSizeMedium css-sghohy-MuiButtonBase-root-MuiButton-root"
      disabled=""
      tabindex="-1"
      type="submit"
    >
      form.label.submit
    </button>
  </div>
</form>
`;
